// Jest Snapshot v1, https://goo.gl/fbAQLP

exports[`WhiteButton should render correctly 1`] = `
<DocumentFragment>
  <a
    href="https://example.org"
    rel="noreferrer"
    target="_blank"
  >
    <div
      class="border-2 border-gray-200 border-opacity-50 p-3"
    >
      Foo
    </div>
  </a>
</DocumentFragment>
`;
